// Jest Snapshot v1, https://goo.gl/fbAQLP

exports[`Particle renders Particle 1`] = `Array []`;
